// Jest Snapshot v1, https://goo.gl/fbAQLP

exports[`Orders render test 1`] = `
<table
  className="table order-table"
>
  <thead>
    <tr>
      <th
        scope="col"
      >
        #
      </th>
      <th
        scope="col"
      >
        Item
      </th>
      <th
        scope="col"
      >
        Count
      </th>
      <th
        scope="col"
      >
        Price
      </th>
      <th
        scope="col"
      >
        Action
      </th>
    </tr>
  </thead>
  <tbody>
    <tr>
      <th
        scope="row"
      >
        1
      </th>
      <td>
        Test Title
      </td>
      <td>
        23
      </td>
      <td>
        332
        $
      </td>
      <td>
        <div
          className="btn-group"
        >
          <button
            className="btn btn-warning"
            onClick={[Function]}
          >
            -
          </button>
          <button
            className="btn btn-primary"
            onClick={[Function]}
          >
            +
          </button>
          <button
            className="btn btn-danger"
            onClick={[Function]}
          >
            Remove
          </button>
        </div>
      </td>
    </tr>
    <tr>
      <th
        scope="row"
      >
        2
      </th>
      <td>
        Test Title
      </td>
      <td>
        23
      </td>
      <td>
        332
        $
      </td>
      <td>
        <div
          className="btn-group"
        >
          <button
            className="btn btn-warning"
            onClick={[Function]}
          >
            -
          </button>
          <button
            className="btn btn-primary"
            onClick={[Function]}
          >
            +
          </button>
          <button
            className="btn btn-danger"
            onClick={[Function]}
          >
            Remove
          </button>
        </div>
      </td>
    </tr>
    <tr>
      <th
        scope="row"
      >
        3
      </th>
      <td>
        Test Title
      </td>
      <td>
        23
      </td>
      <td>
        332
        $
      </td>
      <td>
        <div
          className="btn-group"
        >
          <button
            className="btn btn-warning"
            onClick={[Function]}
          >
            -
          </button>
          <button
            className="btn btn-primary"
            onClick={[Function]}
          >
            +
          </button>
          <button
            className="btn btn-danger"
            onClick={[Function]}
          >
            Remove
          </button>
        </div>
      </td>
    </tr>
    <tr>
      <th
        scope="row"
      >
        4
      </th>
      <td>
        Test Title
      </td>
      <td>
        23
      </td>
      <td>
        332
        $
      </td>
      <td>
        <div
          className="btn-group"
        >
          <button
            className="btn btn-warning"
            onClick={[Function]}
          >
            -
          </button>
          <button
            className="btn btn-primary"
            onClick={[Function]}
          >
            +
          </button>
          <button
            className="btn btn-danger"
            onClick={[Function]}
          >
            Remove
          </button>
        </div>
      </td>
    </tr>
    <tr>
      <th
        scope="row"
      >
        5
      </th>
      <td>
        Test Title
      </td>
      <td>
        23
      </td>
      <td>
        332
        $
      </td>
      <td>
        <div
          className="btn-group"
        >
          <button
            className="btn btn-warning"
            onClick={[Function]}
          >
            -
          </button>
          <button
            className="btn btn-primary"
            onClick={[Function]}
          >
            +
          </button>
          <button
            className="btn btn-danger"
            onClick={[Function]}
          >
            Remove
          </button>
        </div>
      </td>
    </tr>
  </tbody>
</table>
`;

exports[`Orders render test 2`] = `
<table
  className="table order-table"
>
  <thead>
    <tr>
      <th
        scope="col"
      >
        #
      </th>
      <th
        scope="col"
      >
        Item
      </th>
      <th
        scope="col"
      >
        Count
      </th>
      <th
        scope="col"
      >
        Price
      </th>
      <th
        scope="col"
      >
        Action
      </th>
    </tr>
  </thead>
  <tbody>
    <tr>
      <th
        scope="row"
      >
        1
      </th>
      <td>
        Test Title
      </td>
      <td>
        23
      </td>
      <td>
        332
        $
      </td>
      <td>
        <div
          className="btn-group"
        >
          <button
            className="btn btn-warning"
            onClick={[Function]}
          >
            -
          </button>
          <button
            className="btn btn-primary"
            onClick={[Function]}
          >
            +
          </button>
          <button
            className="btn btn-danger"
            onClick={[Function]}
          >
            Remove
          </button>
        </div>
      </td>
    </tr>
    <tr>
      <th
        scope="row"
      >
        2
      </th>
      <td>
        Test Title
      </td>
      <td>
        23
      </td>
      <td>
        332
        $
      </td>
      <td>
        <div
          className="btn-group"
        >
          <button
            className="btn btn-warning"
            onClick={[Function]}
          >
            -
          </button>
          <button
            className="btn btn-primary"
            onClick={[Function]}
          >
            +
          </button>
          <button
            className="btn btn-danger"
            onClick={[Function]}
          >
            Remove
          </button>
        </div>
      </td>
    </tr>
    <tr>
      <th
        scope="row"
      >
        3
      </th>
      <td>
        Test Title
      </td>
      <td>
        23
      </td>
      <td>
        332
        $
      </td>
      <td>
        <div
          className="btn-group"
        >
          <button
            className="btn btn-warning"
            onClick={[Function]}
          >
            -
          </button>
          <button
            className="btn btn-primary"
            onClick={[Function]}
          >
            +
          </button>
          <button
            className="btn btn-danger"
            onClick={[Function]}
          >
            Remove
          </button>
        </div>
      </td>
    </tr>
    <tr>
      <th
        scope="row"
      >
        4
      </th>
      <td>
        Test Title
      </td>
      <td>
        23
      </td>
      <td>
        332
        $
      </td>
      <td>
        <div
          className="btn-group"
        >
          <button
            className="btn btn-warning"
            onClick={[Function]}
          >
            -
          </button>
          <button
            className="btn btn-primary"
            onClick={[Function]}
          >
            +
          </button>
          <button
            className="btn btn-danger"
            onClick={[Function]}
          >
            Remove
          </button>
        </div>
      </td>
    </tr>
    <tr>
      <th
        scope="row"
      >
        5
      </th>
      <td>
        Test Title
      </td>
      <td>
        23
      </td>
      <td>
        332
        $
      </td>
      <td>
        <div
          className="btn-group"
        >
          <button
            className="btn btn-warning"
            onClick={[Function]}
          >
            -
          </button>
          <button
            className="btn btn-primary"
            onClick={[Function]}
          >
            +
          </button>
          <button
            className="btn btn-danger"
            onClick={[Function]}
          >
            Remove
          </button>
        </div>
      </td>
    </tr>
  </tbody>
</table>
`;
